// Jest Snapshot v1, https://goo.gl/fbAQLP

exports[`<Button> renders 1`] = `
<View
  accessible={true}
  onResponderGrant={[Function]}
  onResponderMove={[Function]}
  onResponderRelease={[Function]}
  onResponderTerminate={[Function]}
  onResponderTerminationRequest={[Function]}
  onStartShouldSetResponder={[Function]}
  style={
    Array [
      Object {
        "alignItems": "center",
        "backgroundColor": "black",
        "borderRadius": 20,
        "height": 40,
        "justifyContent": "center",
        "marginVertical": 5,
        "width": "100%",
      },
      undefined,
    ]
  }
>
  <Text
    accessible={true}
    allowFontScaling={true}
    ellipsizeMode="tail"
    style={
      Object {
        "color": "white",
      }
    }
  />
</View>
`;
